src/components/TimelineEditorWithMap.tsx(29,67): error TS2307: Cannot find module '@/features/itinerary' or its corresponding type declarations.
src/components/TimelineEditorWithMap.tsx(31,23): error TS2307: Cannot find module '@/shared/api/apiClient' or its corresponding type declarations.
